\BOOKMARK [1][-]{section.1}{\376\377\310\034\305\110\000\040\254\034\306\224}{}% 1
\BOOKMARK [2][-]{subsection.1.1}{\376\377\310\034\305\110\000\040\274\060\254\275\000\040\274\017\000\040\273\070\310\034\000\040\307\170\302\335}{section.1}% 2
\BOOKMARK [2][-]{subsection.1.2}{\376\377\310\034\305\110\000\040\272\251\324\134}{section.1}% 3
\BOOKMARK [2][-]{subsection.1.3}{\376\377\325\165\302\354\000\040\305\104\307\164\265\024\305\264}{section.1}% 4
\BOOKMARK [2][-]{subsection.1.4}{\376\377\256\060\310\164\000\040\274\051\302\335\254\374\307\130\000\040\314\050\274\304\310\020}{section.1}% 5
\BOOKMARK [1][-]{section.2}{\376\377\273\070\310\034\000\040\310\025\307\130}{}% 6
\BOOKMARK [2][-]{subsection.2.1}{\376\377\256\010\307\065\300\301\324\210\000\040\263\160\307\164\321\060\307\130\000\040\275\204\300\260\000\040\274\017\000\040\307\164\311\310\301\061}{section.2}% 7
\BOOKMARK [2][-]{subsection.2.2}{\376\377\300\301\324\210\000\040\307\040\326\025\274\304\000\040\263\160\307\164\321\060\000\040\255\154\310\160\307\130\000\040\314\050\307\164}{section.2}% 8
\BOOKMARK [2][-]{subsection.2.3}{\376\377\307\130\273\370\310\001\000\040\275\210\307\174\316\130\306\100\000\040\000E\000n\000t\000i\000t\000y\000/\000R\000e\000l\000a\000t\000i\000o\000n\000\040\310\025\325\151\301\061\000\040\273\070\310\034}{section.2}% 9
\BOOKMARK [2][-]{subsection.2.4}{\376\377\000L\000L\000M\000\040\262\350\263\305\000\040\311\310\307\130\307\121\262\365\307\130\000\040\325\134\254\304}{section.2}% 10
\BOOKMARK [2][-]{subsection.2.5}{\376\377\000O\000n\000t\000o\000l\000o\000g\000y\000\040\256\060\274\030\000\040\307\130\273\370\000\040\321\265\325\151\307\130\000\040\325\104\306\224\301\061}{section.2}% 11
\BOOKMARK [1][-]{section.3}{\376\377\310\034\305\110\000\040\302\334\302\244\321\134\000\040\254\034\306\224}{}% 12
\BOOKMARK [2][-]{subsection.3.1}{\376\377\310\004\314\264\000\040\000A\000r\000c\000h\000i\000t\000e\000c\000t\000u\000r\000e}{section.3}% 13
\BOOKMARK [2][-]{subsection.3.2}{\376\377\310\004\314\264\000\040\263\160\307\164\321\060\000\040\274\017\000\040\311\310\307\130\000\040\314\230\271\254\000\040\327\120\271\204}{section.3}% 14
\BOOKMARK [3][-]{subsubsection.3.2.1}{\376\377\300\254\310\004\000\040\311\300\302\335\000\040\255\154\315\225}{subsection.3.2}% 15
\BOOKMARK [3][-]{subsubsection.3.2.2}{\376\377\306\050\267\174\307\170\000\040\311\310\307\130\000\040\314\230\271\254}{subsection.3.2}% 16
\BOOKMARK [2][-]{subsection.3.3}{\376\377\000D\000a\000t\000a\000\040\000L\000a\000y\000e\000r}{section.3}% 17
\BOOKMARK [2][-]{subsection.3.4}{\376\377\000K\000n\000o\000w\000l\000e\000d\000g\000e\000\040\000L\000a\000y\000e\000r}{section.3}% 18
\BOOKMARK [3][-]{subsubsection.3.4.1}{\376\377\000O\000n\000t\000o\000l\000o\000g\000y}{subsection.3.4}% 19
\BOOKMARK [3][-]{subsubsection.3.4.2}{\376\377\000K\000n\000o\000w\000l\000e\000d\000g\000e\000\040\000G\000r\000a\000p\000h}{subsection.3.4}% 20
\BOOKMARK [3][-]{subsubsection.3.4.3}{\376\377\000S\000e\000m\000a\000n\000t\000i\000c\000\040\000I\000n\000d\000e\000x}{subsection.3.4}% 21
\BOOKMARK [2][-]{subsection.3.5}{\376\377\000A\000g\000e\000n\000t\000\040\000L\000a\000y\000e\000r}{section.3}% 22
\BOOKMARK [2][-]{subsection.3.6}{\376\377\000A\000P\000I\000\040\000/\000\040\000S\000e\000r\000v\000i\000c\000e\000\040\000L\000a\000y\000e\000r}{section.3}% 23
\BOOKMARK [1][-]{section.4}{\376\377\256\010\307\065\300\301\324\210\000\040\311\300\302\335\000\040\272\250\263\170\271\301}{}% 24
\BOOKMARK [2][-]{subsection.4.1}{\376\377\000C\000a\000n\000o\000n\000i\000c\000a\000l\000\040\000D\000a\000t\000a\000\040\000M\000o\000d\000e\000l}{section.4}% 25
\BOOKMARK [2][-]{subsection.4.2}{\376\377\256\010\307\065\300\301\324\210\000\040\000O\000n\000t\000o\000l\000o\000g\000y\000\040\301\044\254\304}{section.4}% 26
\BOOKMARK [2][-]{subsection.4.3}{\376\377\310\374\306\224\000\040\000E\000n\000t\000i\000t\000y}{section.4}% 27
\BOOKMARK [2][-]{subsection.4.4}{\376\377\310\374\306\224\000\040\000R\000e\000l\000a\000t\000i\000o\000n}{section.4}% 28
\BOOKMARK [2][-]{subsection.4.5}{\376\377\256\010\307\065\000\040\311\300\324\134\000\040\274\017\000\040\301\215\301\061\000\040\272\250\263\170\271\301}{section.4}% 29
\BOOKMARK [2][-]{subsection.4.6}{\376\377\000E\000n\000t\000i\000t\000y\000\040\000R\000e\000s\000o\000l\000u\000t\000i\000o\000n\000\040\274\017\000\040\000R\000e\000l\000a\000t\000i\000o\000n\000\040\000C\000o\000n\000s\000t\000r\000u\000c\000t\000i\000o\000n}{section.4}% 30
\BOOKMARK [2][-]{subsection.4.7}{\376\377\000D\000a\000t\000a\040\023\000O\000n\000t\000o\000l\000o\000g\000y\000\040\000M\000a\000p\000p\000i\000n\000g}{section.4}% 31
\BOOKMARK [2][-]{subsection.4.8}{\376\377\306\170\275\200\000\040\263\160\307\164\321\060\000\040\274\017\000\040\000P\000r\000o\000v\000e\000n\000a\000n\000c\000e\000\040\255\000\271\254}{section.4}% 32
\BOOKMARK [2][-]{subsection.4.9}{\376\377\000O\000n\000t\000o\000l\000o\000g\000y\000\040\000C\000o\000n\000s\000t\000r\000a\000i\000n\000t\000\040\274\017\000\040\310\025\325\151\301\061\000\040\254\200\311\235}{section.4}% 33
\BOOKMARK [1][-]{section.5}{\376\377\000A\000g\000e\000n\000t\000\040\256\060\274\030\000\040\311\310\307\130\000\040\314\230\271\254}{}% 34
\BOOKMARK [2][-]{subsection.5.1}{\376\377\000Q\000u\000e\000r\000y\000\040\000U\000n\000d\000e\000r\000s\000t\000a\000n\000d\000i\000n\000g}{section.5}% 35
\BOOKMARK [2][-]{subsection.5.2}{\376\377\000E\000n\000t\000i\000t\000y\000\040\000R\000e\000s\000o\000l\000u\000t\000i\000o\000n}{section.5}% 36
\BOOKMARK [2][-]{subsection.5.3}{\376\377\000O\000n\000t\000o\000l\000o\000g\000y\000\040\000G\000r\000o\000u\000n\000d\000i\000n\000g}{section.5}% 37
\BOOKMARK [2][-]{subsection.5.4}{\376\377\000Q\000u\000e\000r\000y\000\040\000P\000l\000a\000n\000n\000i\000n\000g}{section.5}% 38
\BOOKMARK [2][-]{subsection.5.5}{\376\377\000R\000D\000B\000\040\000/\000\040\000G\000r\000a\000p\000h\000\040\000/\000\040\000S\000e\000m\000a\000n\000t\000i\000c\000\040\000R\000e\000t\000r\000i\000e\000v\000a\000l}{section.5}% 39
\BOOKMARK [2][-]{subsection.5.6}{\376\377\000E\000v\000i\000d\000e\000n\000c\000e\000\040\000C\000o\000n\000s\000t\000r\000u\000c\000t\000i\000o\000n}{section.5}% 40
\BOOKMARK [2][-]{subsection.5.7}{\376\377\000V\000a\000l\000i\000d\000a\000t\000i\000o\000n}{section.5}% 41
\BOOKMARK [2][-]{subsection.5.8}{\376\377\000H\000y\000p\000e\000r\000C\000L\000O\000V\000A\000\040\000X\000\040\256\060\274\030\000\040\315\134\310\205\000\040\307\121\262\365\000\040\300\335\301\061}{section.5}% 42
\BOOKMARK [1][-]{section.6}{\376\377\310\374\306\224\000\040\311\310\307\130\000\040\307\040\326\025\000\040\274\017\000\040\300\254\306\251\307\220\000\040\302\334\260\230\271\254\306\044}{}% 43
\BOOKMARK [2][-]{subsection.6.1}{\376\377\310\160\254\164\000\040\256\060\274\030\000\040\256\010\307\065\300\301\324\210\000\040\254\200\300\311}{section.6}% 44
\BOOKMARK [2][-]{subsection.6.2}{\376\377\300\301\324\210\000\040\276\104\255\120\000\040\274\017\000\040\000R\000a\000n\000k\000i\000n\000g}{section.6}% 45
\BOOKMARK [2][-]{subsection.6.3}{\376\377\322\271\310\025\000\040\256\060\305\305\000\040\255\000\270\050\000\040\256\010\307\065\300\301\324\210\000\040\320\320\300\311}{section.6}% 46
\BOOKMARK [2][-]{subsection.6.4}{\376\377\000E\000T\000F\000\040\255\154\301\061\310\205\272\251\000\040\256\060\274\030\000\040\320\320\300\311}{section.6}% 47
\BOOKMARK [2][-]{subsection.6.5}{\376\377\255\000\254\304\000\040\256\060\274\030\000\040\274\365\325\151\000\040\311\310\307\130}{section.6}% 48
\BOOKMARK [2][-]{subsection.6.6}{\376\377\307\220\305\360\305\264\000\040\301\044\272\205\326\025\000\040\311\310\307\130}{section.6}% 49
\BOOKMARK [2][-]{subsection.6.7}{\376\377\263\160\307\164\321\060\000\040\275\200\310\161\000t\000o\000.\0007\000e\000m\000\267\276\104\255\120\000\040\275\210\254\000\000\040\311\310\307\130\000\040\314\230\271\254}{section.6}% 50
\BOOKMARK [1][-]{section.7}{\376\377\302\340\270\260\301\061\000\040\274\017\000\040\254\200\311\235}{}% 51
\BOOKMARK [2][-]{subsection.7.1}{\376\377\000S\000o\000u\000r\000c\000e\000\040\000P\000r\000o\000v\000e\000n\000a\000n\000c\000e}{section.7}% 52
\BOOKMARK [2][-]{subsection.7.2}{\376\377\000S\000n\000a\000p\000s\000h\000o\000t\000\040\274\017\000\040\000V\000e\000r\000s\000i\000o\000n\000\040\255\000\271\254}{section.7}% 53
\BOOKMARK [2][-]{subsection.7.3}{\376\377\000O\000n\000t\000o\000l\000o\000g\000y\040\023\000D\000a\000t\000a\000\040\310\025\325\151\301\061}{section.7}% 54
\BOOKMARK [2][-]{subsection.7.4}{\376\377\000P\000o\000s\000t\000g\000r\000e\000S\000Q\000L\040\023\000N\000e\000o\0004\000j\000\040\310\025\325\151\301\061}{section.7}% 55
\BOOKMARK [2][-]{subsection.7.5}{\376\377\302\030\316\130\000\040\274\017\000\040\000R\000a\000n\000k\000i\000n\000g\000\040\254\200\311\235}{section.7}% 56
\BOOKMARK [2][-]{subsection.7.6}{\376\377\000E\000v\000i\000d\000e\000n\000c\000e\000\040\000V\000a\000l\000i\000d\000a\000t\000i\000o\000n}{section.7}% 57
\BOOKMARK [2][-]{subsection.7.7}{\376\377\000F\000a\000i\000l\000-\000C\000l\000o\000s\000e\000d\000\040\310\004\267\265}{section.7}% 58
\BOOKMARK [1][-]{section.8}{\376\377\256\060\263\000\000\040\326\250\254\374\000\040\274\017\000\040\326\125\307\245\301\061}{}% 59
\BOOKMARK [2][-]{subsection.8.1}{\376\377\256\010\307\065\300\301\324\210\000\040\320\320\300\311\000\040\323\270\307\130\301\061}{section.8}% 60
\BOOKMARK [2][-]{subsection.8.2}{\376\377\255\374\254\160\000\040\256\060\274\030\000\040\262\365\274\300\000\040\302\340\270\260\263\304\000\040\325\245\300\301}{section.8}% 61
\BOOKMARK [2][-]{subsection.8.3}{\376\377\256\010\307\065\300\301\324\210\000\040\254\004\000\040\307\130\273\370\310\001\000\040\305\360\254\260}{section.8}% 62
\BOOKMARK [2][-]{subsection.8.4}{\376\377\302\340\255\334\000\040\256\010\307\065\300\301\324\210\000\040\274\017\000\040\263\160\307\164\321\060\000\040\254\365\256\011\307\220\000\040\326\125\307\245}{section.8}% 63
\BOOKMARK [2][-]{subsection.8.5}{\376\377\302\344\302\334\254\004\000\040\263\160\307\164\321\060\000\040\305\360\254\304}{section.8}% 64
\BOOKMARK [2][-]{subsection.8.6}{\376\377\300\254\306\251\307\220\000\040\271\336\315\244\326\025\000\040\000A\000g\000e\000n\000t\270\134\307\130\000\040\274\034\310\004}{section.8}% 65
\BOOKMARK [1][-]{section.9}{\376\377\254\260\270\140}{}% 66
\BOOKMARK [1][-]{appendix.A}{\376\377\306\251\305\264\000\040\274\017\000\040\305\175\305\264}{}% 67
